[sample_gcs_diverse] source=render target=2500
[select] quotas={1: 1200, 3: 650, 4: 650} district_cap=200 office_cap=100
[render] logging in at https://deed-validator.onrender.com
[render] corpus size=11276
[render] listed 2000/11276
[render] listed 4000/11276
[render] listed 6000/11276
[render] listed 8000/11276
[render] listed 10000/11276
[render] listed 11276/11276
[render] wrote index cache data/mismatches/gcs_diverse_sample_render_index.json
[render] book pools={1: 3814, 3: 5144, 4: 2246} skipped_other=72
  [render selected 32/2500] books={1: 30, 4: 2} districts=10 offices=13 fetched=32 cap_skips=0
  [render selected 64/2500] books={1: 30, 4: 5, 3: 29} districts=20 offices=28 fetched=64 cap_skips=0
  [render selected 96/2500] books={1: 30, 4: 34, 3: 32} districts=22 offices=34 fetched=96 cap_skips=0
  [render selected 128/2500] books={1: 60, 4: 35, 3: 33} districts=23 offices=37 fetched=128 cap_skips=0
  [render selected 160/2500] books={1: 60, 4: 38, 3: 62} districts=26 offices=45 fetched=160 cap_skips=0
  [render selected 192/2500] books={1: 60, 4: 68, 3: 64} districts=26 offices=48 fetched=192 cap_skips=0
  [render selected 224/2500] books={1: 91, 4: 69, 3: 64} districts=27 offices=52 fetched=224 cap_skips=0
  [render selected 256/2500] books={1: 91, 4: 71, 3: 94} districts=27 offices=56 fetched=256 cap_skips=0
  [render selected 288/2500] books={1: 93, 4: 99, 3: 96} districts=27 offices=59 fetched=288 cap_skips=0
  [render selected 320/2500] books={1: 124, 4: 100, 3: 96} districts=27 offices=59 fetched=320 cap_skips=0
  [render selected 352/2500] books={1: 124, 4: 104, 3: 124} districts=27 offices=60 fetched=352 cap_skips=0
  [render selected 384/2500] books={1: 124, 4: 132, 3: 128} districts=27 offices=64 fetched=384 cap_skips=0
  [render selected 416/2500] books={1: 156, 4: 132, 3: 128} districts=27 offices=67 fetched=416 cap_skips=0
  [render selected 448/2500] books={1: 156, 4: 134, 3: 158} districts=29 offices=73 fetched=448 cap_skips=0
  [render selected 480/2500] books={1: 156, 4: 163, 3: 161} districts=29 offices=75 fetched=480 cap_skips=0
  [render selected 512/2500] books={1: 185, 4: 165, 3: 162} districts=29 offices=77 fetched=512 cap_skips=0
  [render selected 544/2500] books={1: 185, 4: 170, 3: 189} districts=29 offices=80 fetched=544 cap_skips=0
  [render selected 576/2500] books={1: 188, 4: 199, 3: 189} districts=29 offices=84 fetched=576 cap_skips=0
  [render selected 608/2500] books={1: 220, 4: 199, 3: 189} districts=29 offices=88 fetched=608 cap_skips=0
  [render selected 640/2500] books={1: 220, 4: 202, 3: 218} districts=29 offices=89 fetched=640 cap_skips=0
  [render selected 672/2500] books={1: 221, 4: 233, 3: 218} districts=29 offices=89 fetched=672 cap_skips=0
  [render selected 698/2500] books={1: 247, 4: 233, 3: 218} districts=29 offices=90 fetched=704 cap_skips=6
  [render selected 729/2500] books={1: 248, 4: 234, 3: 247} districts=29 offices=92 fetched=736 cap_skips=7
  [render selected 760/2500] books={1: 248, 4: 262, 3: 250} districts=29 offices=92 fetched=768 cap_skips=8
  [render selected 776/2500] books={1: 263, 4: 263, 3: 250} districts=29 offices=93 fetched=800 cap_skips=24
  [render selected 808/2500] books={1: 263, 4: 263, 3: 282} districts=29 offices=94 fetched=832 cap_skips=24
  [render selected 839/2500] books={1: 264, 4: 289, 3: 286} districts=29 offices=96 fetched=864 cap_skips=25
  [render selected 863/2500] books={1: 287, 4: 289, 3: 287} districts=29 offices=99 fetched=896 cap_skips=33
  [render selected 895/2500] books={1: 287, 4: 291, 3: 317} districts=29 offices=101 fetched=928 cap_skips=33
  [render selected 927/2500] books={1: 289, 4: 319, 3: 319} districts=29 offices=103 fetched=960 cap_skips=33
  [render selected 945/2500] books={1: 307, 4: 319, 3: 319} districts=29 offices=106 fetched=992 cap_skips=47
  [render selected 976/2500] books={1: 307, 4: 319, 3: 350} districts=29 offices=108 fetched=1024 cap_skips=48
  [render selected 1008/2500] books={1: 307, 4: 347, 3: 354} districts=29 offices=109 fetched=1056 cap_skips=48
  [render selected 1028/2500] books={1: 326, 4: 347, 3: 355} districts=29 offices=109 fetched=1088 cap_skips=60
  [render selected 1060/2500] books={1: 326, 4: 348, 3: 386} districts=29 offices=110 fetched=1120 cap_skips=60
  [render selected 1091/2500] books={1: 326, 4: 376, 3: 389} districts=29 offices=110 fetched=1152 cap_skips=61
  [render selected 1112/2500] books={1: 346, 4: 377, 3: 389} districts=30 offices=111 fetched=1184 cap_skips=72
  [render selected 1144/2500] books={1: 346, 4: 379, 3: 419} districts=30 offices=112 fetched=1216 cap_skips=72
  [render selected 1176/2500] books={1: 347, 4: 408, 3: 421} districts=30 offices=112 fetched=1248 cap_skips=72
  [render selected 1194/2500] books={1: 364, 4: 409, 3: 421} districts=30 offices=113 fetched=1280 cap_skips=86
  [render selected 1226/2500] books={1: 364, 4: 412, 3: 450} districts=31 offices=115 fetched=1312 cap_skips=86
  [render selected 1257/2500] books={1: 365, 4: 440, 3: 452} districts=31 offices=116 fetched=1344 cap_skips=87
  [render selected 1277/2500] books={1: 385, 4: 440, 3: 452} districts=31 offices=117 fetched=1376 cap_skips=99
  [render selected 1309/2500] books={1: 385, 4: 442, 3: 482} districts=31 offices=117 fetched=1408 cap_skips=99
  [render selected 1337/2500] books={1: 385, 4: 470, 3: 482} districts=31 offices=118 fetched=1440 cap_skips=103
  [render selected 1354/2500] books={1: 402, 4: 470, 3: 482} districts=31 offices=121 fetched=1472 cap_skips=118
  [render selected 1381/2500] books={1: 402, 4: 470, 3: 509} districts=31 offices=123 fetched=1504 cap_skips=123
  [render selected 1405/2500] books={1: 402, 4: 493, 3: 510} districts=31 offices=123 fetched=1536 cap_skips=131
  [render selected 1426/2500] books={1: 423, 4: 493, 3: 510} districts=31 offices=125 fetched=1568 cap_skips=142
  [render selected 1452/2500] books={1: 423, 4: 497, 3: 532} districts=31 offices=126 fetched=1600 cap_skips=148
  [render selected 1480/2500] books={1: 423, 4: 523, 3: 534} districts=31 offices=126 fetched=1632 cap_skips=152
  [render selected 1501/2500] books={1: 443, 4: 524, 3: 534} districts=31 offices=127 fetched=1664 cap_skips=163
  [render selected 1527/2500] books={1: 443, 4: 526, 3: 558} districts=31 offices=127 fetched=1696 cap_skips=169
  [render selected 1554/2500] books={1: 445, 4: 551, 3: 558} districts=31 offices=127 fetched=1728 cap_skips=174
  [render selected 1574/2500] books={1: 465, 4: 551, 3: 558} districts=31 offices=128 fetched=1760 cap_skips=186
  [render selected 1600/2500] books={1: 465, 4: 551, 3: 584} districts=31 offices=131 fetched=1792 cap_skips=192
  [render selected 1622/2500] books={1: 465, 4: 573, 3: 584} districts=31 offices=131 fetched=1824 cap_skips=202
  [render selected 1636/2500] books={1: 479, 4: 573, 3: 584} districts=31 offices=132 fetched=1856 cap_skips=220
  [render selected 1660/2500] books={1: 479, 4: 574, 3: 607} districts=31 offices=133 fetched=1888 cap_skips=228
  [render selected 1685/2500] books={1: 479, 4: 595, 3: 611} districts=31 offices=133 fetched=1920 cap_skips=235
  [render selected 1707/2500] books={1: 501, 4: 595, 3: 611} districts=31 offices=135 fetched=1952 cap_skips=245
  [render selected 1729/2500] books={1: 501, 4: 596, 3: 632} districts=31 offices=135 fetched=1984 cap_skips=255
  [render selected 1745/2500] books={1: 501, 4: 612, 3: 632} districts=31 offices=135 fetched=2016 cap_skips=271
  [render selected 1762/2500] books={1: 516, 4: 614, 3: 632} districts=31 offices=135 fetched=2048 cap_skips=286
  [render selected 1782/2500] books={1: 516, 4: 616, 3: 650} districts=31 offices=135 fetched=2074 cap_skips=292
  [render selected 1805/2500] books={1: 517, 4: 638, 3: 650} districts=31 offices=135 fetched=2106 cap_skips=301
  [render selected 1825/2500] books={1: 537, 4: 638, 3: 650} districts=31 offices=135 fetched=2138 cap_skips=313
  [render selected 1836/2500] books={1: 538, 4: 648, 3: 650} districts=31 offices=135 fetched=2158 cap_skips=321
  [render selected 1849/2500] books={1: 551, 4: 648, 3: 650} districts=31 offices=136 fetched=2190 cap_skips=340
  [render selected 1852/2500] books={1: 552, 4: 650, 3: 650} districts=31 offices=136 fetched=2200 cap_skips=340
  [render selected 1870/2500] books={1: 570, 4: 650, 3: 650} districts=31 offices=136 fetched=2232 cap_skips=354
  [render selected 1891/2500] books={1: 591, 4: 650, 3: 650} districts=31 offices=138 fetched=2264 cap_skips=365
  [render selected 1907/2500] books={1: 607, 4: 650, 3: 650} districts=31 offices=139 fetched=2296 cap_skips=380
  [render selected 1923/2500] books={1: 623, 4: 650, 3: 650} districts=31 offices=139 fetched=2328 cap_skips=394
  [render selected 1942/2500] books={1: 642, 4: 650, 3: 650} districts=31 offices=140 fetched=2360 cap_skips=407
  [render selected 1960/2500] books={1: 660, 4: 650, 3: 650} districts=31 offices=142 fetched=2392 cap_skips=420
  [render selected 1981/2500] books={1: 681, 4: 650, 3: 650} districts=31 offices=142 fetched=2424 cap_skips=430
  [render selected 2002/2500] books={1: 702, 4: 650, 3: 650} districts=31 offices=144 fetched=2456 cap_skips=439
  [render selected 2021/2500] books={1: 721, 4: 650, 3: 650} districts=31 offices=144 fetched=2488 cap_skips=451
  [render selected 2036/2500] books={1: 736, 4: 650, 3: 650} districts=31 offices=144 fetched=2520 cap_skips=466
  [render selected 2053/2500] books={1: 753, 4: 650, 3: 650} districts=31 offices=145 fetched=2552 cap_skips=481
  [render selected 2068/2500] books={1: 768, 4: 650, 3: 650} districts=31 offices=147 fetched=2584 cap_skips=495
  [render selected 2087/2500] books={1: 787, 4: 650, 3: 650} districts=31 offices=149 fetched=2616 cap_skips=507
  [render selected 2104/2500] books={1: 804, 4: 650, 3: 650} districts=31 offices=150 fetched=2648 cap_skips=521
  [render selected 2121/2500] books={1: 821, 4: 650, 3: 650} districts=31 offices=150 fetched=2680 cap_skips=536
  [render selected 2137/2500] books={1: 837, 4: 650, 3: 650} districts=31 offices=152 fetched=2712 cap_skips=551
  [render selected 2151/2500] books={1: 851, 4: 650, 3: 650} districts=31 offices=152 fetched=2744 cap_skips=569
  [render selected 2170/2500] books={1: 870, 4: 650, 3: 650} districts=31 offices=152 fetched=2776 cap_skips=581
  [render selected 2188/2500] books={1: 888, 4: 650, 3: 650} districts=31 offices=152 fetched=2808 cap_skips=595
  [render selected 2206/2500] books={1: 906, 4: 650, 3: 650} districts=31 offices=153 fetched=2840 cap_skips=609
  [render selected 2220/2500] books={1: 920, 4: 650, 3: 650} districts=31 offices=153 fetched=2872 cap_skips=626
  [render selected 2239/2500] books={1: 939, 4: 650, 3: 650} districts=31 offices=153 fetched=2904 cap_skips=637
  [render selected 2256/2500] books={1: 956, 4: 650, 3: 650} districts=31 offices=153 fetched=2936 cap_skips=652
  [render selected 2272/2500] books={1: 972, 4: 650, 3: 650} districts=31 offices=153 fetched=2968 cap_skips=668
  [render selected 2293/2500] books={1: 993, 4: 650, 3: 650} districts=31 offices=154 fetched=3000 cap_skips=678
  [render selected 2304/2500] books={1: 1004, 4: 650, 3: 650} districts=31 offices=154 fetched=3032 cap_skips=698
  [render selected 2316/2500] books={1: 1016, 4: 650, 3: 650} districts=31 offices=155 fetched=3064 cap_skips=716
  [render selected 2330/2500] books={1: 1030, 4: 650, 3: 650} districts=31 offices=155 fetched=3096 cap_skips=732
  [render selected 2347/2500] books={1: 1047, 4: 650, 3: 650} districts=31 offices=156 fetched=3128 cap_skips=747
  [render selected 2363/2500] books={1: 1063, 4: 650, 3: 650} districts=31 offices=156 fetched=3160 cap_skips=763
  [render selected 2381/2500] books={1: 1081, 4: 650, 3: 650} districts=31 offices=156 fetched=3192 cap_skips=776
  [render selected 2395/2500] books={1: 1095, 4: 650, 3: 650} districts=31 offices=156 fetched=3224 cap_skips=794
  [render selected 2411/2500] books={1: 1111, 4: 650, 3: 650} districts=31 offices=156 fetched=3256 cap_skips=809
  [render selected 2425/2500] books={1: 1125, 4: 650, 3: 650} districts=31 offices=156 fetched=3288 cap_skips=827
  [render selected 2441/2500] books={1: 1141, 4: 650, 3: 650} districts=31 offices=156 fetched=3320 cap_skips=842
  [render selected 2453/2500] books={1: 1153, 4: 650, 3: 650} districts=31 offices=156 fetched=3352 cap_skips=859
  [render selected 2473/2500] books={1: 1173, 4: 650, 3: 650} districts=31 offices=156 fetched=3384 cap_skips=870
  [render selected 2482/2500] books={1: 1182, 4: 650, 3: 650} districts=31 offices=156 fetched=3416 cap_skips=891
  [render selected 2499/2500] books={1: 1199, 4: 650, 3: 650} districts=31 offices=156 fetched=3442 cap_skips=900
  [render selected 2500/2500] books={1: 1200, 4: 650, 3: 650} districts=31 offices=156 fetched=3451 cap_skips=900
[pool] {"mode": "render_streaming_select", "selected": 2500, "by_book": {"1": 1200, "4": 650, "3": 650}, "elapsed_sec": 2442.6}

wrote data/mismatches/gcs_diverse_sample.json
wrote data/mismatches/gcs_diverse_sample.csv
wrote data/mismatches/gcs_diverse_sample_reg_nos.txt
{
  "count": 2500,
  "source": "gcs_corpus",
  "by_book": {
    "1": 1200,
    "4": 650,
    "3": 650
  },
  "by_book_label": {
    "SALE": 1200,
    "MISC": 650,
    "WILL": 650
  },
  "by_district": {
    "UNKNOWN": 1160,
    "ANGUL": 200,
    "GANJAM": 200,
    "BALASORE": 152,
    "KHURDA": 134,
    "CUTTACK": 129,
    "KENDRAPARA": 38,
    "KORAPUT": 38,
    "PURI": 35,
    "JAJPUR": 34,
    "BOLANGIR": 29,
    "SUNDARGARH": 29,
    "JHARSUGUDA": 28,
    "BHADRAK": 28,
    "JAGATSINGHPUR": 28,
    "KALAHANDI": 27,
    "KEONJHAR": 21,
    "DHENKANAL": 20,
    "BOUDH": 20,
    "BARGARH": 18,
    "RAYAGADA": 18,
    "NAYAGARH": 17,
    "SUBARNAPUR": 17,
    "MAYURBHANJ": 16,
    "NABARANGPUR": 14,
    "GAJAPATI": 13,
    "SAMBALPUR": 13,
    "DEOGARH": 8,
    "MALKANGIRI": 8,
    "NUAPADA": 4,
    "KANDHAMAL": 4
  },
  "by_office_top30": {
    "UNKNOWN": 1194,
    "ANGUL": 100,
    "CUTTACK": 100,
    "KHURDA(BBSR)": 100,
    "BALASORE": 80,
    "BERHAMPUR-II": 70,
    "BERHAMPUR-I": 54,
    "JHARSUGUDA": 26,
    "BHAWANIPATNA": 25,
    "ATHAMALLIK": 22,
    "BALIAPAL": 21,
    "TALCHER": 19,
    "CHHENDIPADA": 19,
    "SUNDERGARH": 18,
    "KENDRAPARA": 17,
    "PURI": 17,
    "KORAPUT(JEYPORE)": 15,
    "BALANGIR": 14,
    "JALESWARPUR": 13,
    "SAMBALPUR": 12,
    "BHANJANAGAR": 12,
    "MAYURBHANJ": 11,
    "CHHATRAPUR": 11,
    "PARALAKHEMUNDI": 11,
    "BOUDH": 11,
    "NAYAGARH": 11,
    "PALLAHARA": 11,
    "BASTA": 10,
    "KHANDAGIRI": 10,
    "NIALI": 10
  },
  "district_count": 31,
  "office_count": 156,
  "with_scan": 2500,
  "year_span": {
    "min": 1910,
    "max": 2009
  },
  "date_span": {
    "min_registration_date": "01-Apr-2003",
    "max_registration_date": "31-Oct-2008"
  }
}
